<?xml version="1.0" encoding="UTF-8"?>
<ptl:map xmlns:xsi="http://www.w3.org/2001/XMLSchema-instance" xmlns:ptl="http://partov.ce.sharif.edu/2013/PTL/Map" xsi:schemaLocation="http://partov.ce.sharif.edu/2013/PTL/Map map.xsd" ptl:name="sample" ptl:version="3.4" ptl:count="12">
  <ptl:authorization ptl:resumable-by="instantiator" ptl:max-ipu="5">
    <ptl:instantiator>
      <ptl:group>lab1</ptl:group>
      <ptl:group>lab2</ptl:group>
      <ptl:group>admin</ptl:group>
    </ptl:instantiator>
    <ptl:connection-restriction>
      <ptl:host>127.0.0.1</ptl:host>
      <ptl:host>213.233.185.152</ptl:host>
    </ptl:connection-restriction>
  </ptl:authorization>
  <ptl:fsm ptl:initial-state="functional">
    <ptl:state ptl:name="functional">
      <ptl:transitions>
        <ptl:transition ptl:rate="0.1" ptl:target="failed"/>
        <ptl:transition ptl:manual="true" ptl:target="maintenance"/>
      </ptl:transitions>
      <ptl:activity>
        <ptl:do ptl:command="link-up" ptl:arg0="lk3"/>
      </ptl:activity>
    </ptl:state>
    <ptl:state ptl:name="failed">
      <ptl:transitions>
        <ptl:transition ptl:rate="0.7" ptl:target="functional"/>
      </ptl:transitions>
      <ptl:activity>
        <ptl:do ptl:command="link-down" ptl:arg0="lk3"/>
      </ptl:activity>
    </ptl:state>
    <ptl:state ptl:name="maintenance">
      <ptl:transitions>
        <ptl:transition ptl:manual="true" ptl:target="functional"/>
      </ptl:transitions>
      <ptl:activity>
        <ptl:do ptl:command="link-down" ptl:arg0="lk3"/>
      </ptl:activity>
    </ptl:state>
  </ptl:fsm>
  <ptl:links>
    <ptl:repeat ptl:count="10">
      <ptl:link ptl:name="lk1" ptl:protocol="802.3">
        <ptl:bandwidth>10Mbps</ptl:bandwidth>
      </ptl:link>
    </ptl:repeat>
    <ptl:link ptl:name="lk2" ptl:protocol="802.3">
      <ptl:bandwidth>10Mbps</ptl:bandwidth>
    </ptl:link>
    <ptl:link ptl:name="lk3" ptl:protocol="csma-cd">
      <ptl:latency>45ms</ptl:latency>
    </ptl:link>
    <ptl:link ptl:name="lk4" ptl:protocol="csma-cd" ptl:log="true">
      <ptl:connected-to-link ptl:name="lk3" ptl:direction="inout"/>
      <ptl:loss>10%</ptl:loss>
    </ptl:link>
  </ptl:links>
  <ptl:nodes>
    <ptl:repeat ptl:count="10">
      <ptl:simple ptl:name="smp1">
        <ptl:interfaces>
          <ptl:ethernet-interface>
            <ptl:mac-address-ref>smp1-mac0</ptl:mac-address-ref>
            <ptl:ip-address-ref>smp1-ip0</ptl:ip-address-ref>
            <ptl:netmask>255.255.255.252</ptl:netmask>
            <ptl:delay>
              <ptl:var>lat</ptl:var>
            </ptl:delay>
            <ptl:connected-to-link ptl:name="lk1" ptl:running="true"/>
          </ptl:ethernet-interface>
          <ptl:ethernet-interface>
            <ptl:mac-address-ref>smp1-mac1</ptl:mac-address-ref>
            <ptl:ip-address-ref>smp1-ip1</ptl:ip-address-ref>
            <ptl:netmask>255.255.255.252</ptl:netmask>
            <ptl:connected-to-link ptl:name="lk3"/>
          </ptl:ethernet-interface>
        </ptl:interfaces>
      </ptl:simple>
    </ptl:repeat>
    <ptl:plugin ptl:name="rt" ptl:plugin-identifier="Router">
      <ptl:interfaces>
        <ptl:repeat ptl:count="10">
          <ptl:ethernet-interface>
            <ptl:mac-address-ref>rt-mac0</ptl:mac-address-ref>
            <ptl:ip-address-ref>rt-ip0</ptl:ip-address-ref>
            <ptl:netmask>255.255.255.0</ptl:netmask>
            <ptl:connected-to-link ptl:name="lk1" ptl:running="true"/>
          </ptl:ethernet-interface>
        </ptl:repeat>
        <ptl:ethernet-interface>
          <ptl:mac-address-ref>rt-mac1</ptl:mac-address-ref>
          <ptl:ip-address-ref>rt-ip1</ptl:ip-address-ref>
          <ptl:netmask>255.255.255.0</ptl:netmask>
          <ptl:connected-to-link ptl:name="lk2"/>
        </ptl:ethernet-interface>
      </ptl:interfaces>
    </ptl:plugin>
    <ptl:plugin ptl:name="gw" ptl:plugin-identifier="InternetGateWayNode">
      <ptl:interfaces>
        <ptl:physical-ethernet-interface ptl:device-name="lo">
          <ptl:mac-address-ref>gw-mac0</ptl:mac-address-ref>
          <ptl:ip-address-ref>gw-ip0</ptl:ip-address-ref>
          <ptl:netmask>255.255.255.0</ptl:netmask>
          <ptl:max-buffer-size>1MB</ptl:max-buffer-size>
        </ptl:physical-ethernet-interface>
        <ptl:ethernet-interface>
          <ptl:mac-address-ref>gw-mac1</ptl:mac-address-ref>
          <ptl:ip-address-ref>gw-ip1</ptl:ip-address-ref>
          <ptl:netmask>255.255.255.0</ptl:netmask>
          <ptl:connected-to-link ptl:name="lk2"/>
        </ptl:ethernet-interface>
      </ptl:interfaces>
      <ptl:parameters>
        <ptl:param ptl:name="internet-connection">
          <ptl:value>lo</ptl:value>
        </ptl:param>
        <ptl:param ptl:name="advertised-networks">
          <ptl:value-ref>gw-ip0</ptl:value-ref>
          <ptl:value-ref>ap-net</ptl:value-ref>
          <ptl:value>30</ptl:value>
        </ptl:param>
        <ptl:param ptl:name="routing-table">
          <ptl:value-ref>inner-net</ptl:value-ref>
          <ptl:value>24</ptl:value>
          <ptl:value-ref>rt-ip1</ptl:value-ref>
          <ptl:value>1</ptl:value>
        </ptl:param>
      </ptl:parameters>
    </ptl:plugin>
  </ptl:nodes>
  <ptl:lists>
    <ptl:mac ptl:name="smp1-mac0">
      <ptl:item>00:24:8C:01:79:01</ptl:item>
      <ptl:item>00:24:8C:01:79:04</ptl:item>
    </ptl:mac>
    <ptl:ipv4 ptl:name="smp1-ip0">
      <ptl:item>192.168.121.1</ptl:item>
      <ptl:item>192.168.122.1</ptl:item>
    </ptl:ipv4>
    <ptl:mac ptl:name="smp1-mac1">
      <ptl:item>00:24:8C:01:80:01</ptl:item>
      <ptl:item>00:24:8C:01:80:04</ptl:item>
    </ptl:mac>
    <ptl:ipv4 ptl:name="smp1-ip1">
      <ptl:item>192.168.123.1</ptl:item>
      <ptl:item>192.168.124.1</ptl:item>
    </ptl:ipv4>
    <ptl:mac ptl:name="gw-mac0">
      <ptl:item>00:24:8C:01:81:01</ptl:item>
      <ptl:item>00:24:8C:01:81:04</ptl:item>
    </ptl:mac>
    <ptl:ipv4 ptl:name="gw-ip0">
      <ptl:item>192.168.125.1</ptl:item>
      <ptl:item>192.168.126.1</ptl:item>
    </ptl:ipv4>
    <ptl:mac ptl:name="gw-mac1">
      <ptl:item>00:24:8C:01:82:01</ptl:item>
      <ptl:item>00:24:8C:01:82:04</ptl:item>
    </ptl:mac>
    <ptl:ipv4 ptl:name="gw-ip1">
      <ptl:item>192.168.127.1</ptl:item>
      <ptl:item>192.168.128.1</ptl:item>
    </ptl:ipv4>
    <ptl:mac ptl:name="rt-mac0">
      <ptl:item>00:24:8C:01:83:01</ptl:item>
      <ptl:item>00:24:8C:01:83:04</ptl:item>
    </ptl:mac>
    <ptl:ipv4 ptl:name="rt-ip0">
      <ptl:item>192.168.129.1</ptl:item>
      <ptl:item>192.168.130.1</ptl:item>
    </ptl:ipv4>
    <ptl:mac ptl:name="rt-mac1">
      <ptl:item>00:24:8C:01:84:01</ptl:item>
      <ptl:item>00:24:8C:01:84:04</ptl:item>
    </ptl:mac>
    <ptl:ipv4 ptl:name="rt-ip1">
      <ptl:item>192.168.131.1</ptl:item>
      <ptl:item>192.168.132.1</ptl:item>
    </ptl:ipv4>
    <ptl:string ptl:name="ap-net">
      <ptl:item>192.168.130.0</ptl:item>
      <ptl:item>192.168.132.0</ptl:item>
    </ptl:string>
    <ptl:string ptl:name="inner-net">
      <ptl:item>192.168.125.0</ptl:item>
      <ptl:item>192.168.126.0</ptl:item>
    </ptl:string>
    <ptl:string ptl:name="rt-ip1">
      <ptl:item>192.168.131.1</ptl:item>
      <ptl:item>192.168.132.1</ptl:item>
    </ptl:string>
    <ptl:string ptl:name="gw-ip0">
      <ptl:item>192.168.125.1</ptl:item>
      <ptl:item>192.168.126.1</ptl:item>
    </ptl:string>
    <ptl:time ptl:name="lat">
      <ptl:item>5ms</ptl:item>
      <ptl:item>0ms</ptl:item>
      <ptl:item>1ms</ptl:item>
    </ptl:time>
  </ptl:lists>
</ptl:map>
